[aimem] RELEASE floor=0 layer=1 bodies=420 released=0
[aimem] RELEASE floor=0 layer=1 bodies=420 released=0
[aimem] RELEASE floor=1 layer=0 bodies=261 released=0
[packs] floor 4 derelict: heads=194 rooms=256 occupied=56
[packs]   crowd Сборка           heads=67 grouped=64
[packs]   loner Ползун           heads= 8 grouped= 1
[packs]   crowd Мертвяк         heads= 5 grouped= 4
[packs]   crowd Нелюдь           heads= 8 grouped= 8
[packs]   crowd Крысоножка   heads=21 grouped=19
[packs]   crowd Помойный Рой heads=30 grouped=30
[packs]   crowd Гном               heads= 9 grouped= 8
[packs] crowd heads=140 grouped=133 | loner heads=37 grouped=2
[packs] packs=56 biggest=16 occupied=56
[packs] after 3750 ticks: packs>=2 = 34, within 40 m = 30, worst pack diameter = 56.8 m, across-pack control = 179.0 m
[packs] shaft drift: mean distance to nearest of 16 columns 24.5 m -> 18.5 m; within 8 m: 64/300; columns occupied 16/16
gated = 66
FAIL /Users/jirnyak/Mirror/gigahrush2/tests/suite_samosbor.inl:548: gated == 99999
atOne = 14
FAIL /Users/jirnyak/Mirror/gigahrush2/tests/suite_samosbor.inl:559: atOne == 99999
everReachable = 67
FAIL /Users/jirnyak/Mirror/gigahrush2/tests/suite_samosbor.inl:566: everReachable == 99999
bytes.size() = 993
FAIL /Users/jirnyak/Mirror/gigahrush2/tests/suite_saveload.inl:309: bytes.size() == 99999
[place] MOVE body (8,8,2)->(7,7,1) rings=1 supp=1
[place] REFUSE body req=(5,5,5) r=3 (no standable cell)
[aimem] RELEASE floor=0 layer=1 bodies=420 released=0
[aimem] RELEASE floor=-8 layer=0 bodies=421 released=0
[aimem] RELEASE floor=-26 layer=1 bodies=421 released=0
[aimem] RELEASE floor=-8 layer=0 bodies=421 released=0
[floorstream] sizeof(FloorModule) = 48 B holding a handle candidate (NpcId 4 B, NpcHandle 4 B — one word either way, so the struct did not move); the 256-entry module table is 12288 B
[floorstream] designate id 210 died in the macro sweep and its slot was recycled into a newborn (gen 0 -> 1); the camera went to id 209 (hp 100, age 24), not to the newborn in slot 210 (hp 0, age 0)
[behaviours] of 47 enumerators: 20 answered, 4 dead, 23 authored-and-blocked
[behaviours] wall query: 5 of 68 kinds
[behaviours] WallBrace: braced x1.0200 open x0.9000 | Plain at the same two cells x1.0000 / x1.0000
[behaviours] DebrisLurker: cover x1.2200 open x0.6800 | WallBias-only Plain kind at the same cells x1.1800 / x0.9200
[behaviours] LurkingFurniture at 5 m: carpet |v| = 0.0000 m/s, Plain |v| = 6.3000 m/s
[behaviours] ...and at 1.5 m: |v| = 1.6400 m/s
[behaviours] prey clamp, resident at 5 m and no viewer: Plain |v| = 6.3000 m/s, carpet |v| = 0.0000 m/s (kHuntRadius 6.0, carpet radius 2.15)
[behaviours] DocumentHunter 24 m      at 22 m: |v| = 3.240, Plain control |v| = 0.000
[behaviours] ProtocolPressure 26 m    at 24 m: |v| = 2.160, Plain control |v| = 0.000
[behaviours] DocumentScent 28 m       at 26 m: |v| = 1.900, Plain control |v| = 0.000
[behaviours] LightFollower 30 m       at 28 m: |v| = 3.440, Plain control |v| = 0.000
[behaviours] GarbageSurround 13 m     at 16 m: |v| = 0.000, Plain control |v| = 6.300
[behaviours] MeatWorm 24 m            at 22 m: |v| = 1.900, Plain control |v| = 0.000
[behaviours] FalsePhase 24 m          at 22 m: |v| = 4.500, Plain control |v| = 0.000
[behaviours] FractureSprint 18 m      at 19 m: |v| = 0.000, Plain control |v| = 6.300
[behaviours] WebSpitter standoff 7.25 m: at 3 m v.y = +3.474, at 7.25 m v.y = +0.000, at 12 m v.y = -3.623 | Plain at 3 m -6.300, at 12 m -6.300 (+y is away from the viewer)
[behaviours] FractureSprint cycle 288 ticks = 2.304 s: windup 43, sprint 77, stagger 168, idle 0
[behaviours] ...64 identities on one tick: idle 0, windup 9, sprint 11, stagger 44
[behaviours] ...mean speed over one cycle: x0.8689 (frozen 73% of it)
[behaviours] facing bands over 360 bearings: gaze-freeze 89, DeadEcho back-turned 159, overlap 0
[behaviours] WallBrace reach: braced 3.500 m, open 2.320 m (x1.5086)
[behaviours] ...widest authored reach 3.100 m; 1 of 68 rows are SHORTER than an unbraced Панельник
[behaviours] ...combat wall query: 4 kinds today, 5 after the gate widens
[behaviours] CrowdShove hurt pace x0.9600; 0 enumerators answer BOTH a wall pace and a health pace
[vendorammo] AMMO rows=17 use-effect=3 unpack=3 chambered=10; old rule would buy id 186 (11 rub, chambered=0)
[vendorammo] no gun -> id 12 at 3 rub
[vendorammo] resupply(50000) spent 30381 rub, bought 503 of id 23 for gun id 87 (mag 2)
[vendorammo] reload moved 2 of 503 purchased rounds into the magazine
[vendorammo] no-gun resupply used 51 of 64 slots, 2148 rounds of id 12
[vendorammo] item 3 sells for 3960 wild / 4675 citizen / 5060 scientist
FAIL /Users/jirnyak/Mirror/gigahrush2/tests/suite_samosbor2.inl:288: samosbor_fog_roster(-26, 99).n == 42u
FAIL /Users/jirnyak/Mirror/gigahrush2/tests/suite_loottable.inl:131: sum == kLootTableValueChecksum
[loottable] items.csv ids SHIFTED: value sum 624155, expected 104552. Re-derive the kIt* constants in loot_table.cpp from the CSV and update kLootTableValueChecksum.
FAIL /Users/jirnyak/Mirror/gigahrush2/tests/suite_loottable.inl:140: item_def(kPsiConcreteSplinter).value == 14000
FAIL /Users/jirnyak/Mirror/gigahrush2/tests/suite_loottable.inl:141: item_def(kPsiMark).value == 10000
FAIL /Users/jirnyak/Mirror/gigahrush2/tests/suite_loottable.inl:142: item_def(kPsiOrderSeal).value == 24000
FAIL /Users/jirnyak/Mirror/gigahrush2/tests/suite_loottable.inl:144: item_def(kRawmeat).value == 1
FAIL /Users/jirnyak/Mirror/gigahrush2/tests/suite_loottable.inl:149: band_drop_scale(kRawmeat, 0) == 1.0f
[loottable] Treskotnik psi_splinter: 0.00000 at floor 0, 0.01472 at floor -26 (authored 0.01500)
[loottable] Rebar first-hit-single: rebar 0.08013 (authored 0.08000), wire_coil 0.03673 (0.92*0.04 = 0.03680), any 0.11686 (0.11680)
[loottable] Gnome lootTable-first: wire_coil 0.37638 (0.37542), metal_sheet 0.09806 (0.09750), rare rebar 0.04451 (0.04420)
[loottable] Robot ammo_energy: 0.00005 at floor 0 vs 0.07016 at -26; circuit_board 0.06005 at floor 0
[loottable] loot_dead_mobs: 600 corpses -> 842 staged slots, 39 of them slime_sample_green (catalog cannot produce); floor pickups=0
[loottable] Betonoed (Boss, 5 rolls at 100%): staged slots per corpse 5..5 over 400 seeds (structural bound 5..10)
[loottable] Betonoed floor 0: 174.4 rub/kill over 600 corpses (measured mean 132.9, batch spread 126.6..142.4); floor pickups=0
[craft] 442 recipes, 5589 material units (min 1 / max 180 / max axis 59), tiers 228/135/51/17/11, stations 22/235/90/77/18, 8 known by default
[craft] subjects: knife=205 bandage=40 ammo_9mm=12 chalk=77
[craft] tier gate: id 37 is tier 4 costing 128 units; refused at tier 3, built at tier 4
[craft] disassembly: 442 of 5589 authored units recovered over 442 items (7.91%, 92.09% lost); 0 off-vector axes in 3094 rolls
[craft] weighted pick: id 30 axis 2 is 16/24 of the vector, drawn 2651/4000 times (expected ~2666)
[craft] round trip on id 205: 3 units in, 1 unit out
FAIL /Users/jirnyak/Mirror/gigahrush2/tests/suite_craft.inl:601: taught == 69u
[craft] source item_blueprint_t1_folder: taught 4 recipes, certified to tier 1, consumed the paper; re-read taught 0 and kept it
[craft] certification without knowledge: item_blueprint_t1_folder taught 0, raised tier 0 -> 1, and was NOT consumed
[craft] keep-equipped: bag holds knife 15 rub (slot 0, equipped) and id 383 at 38 rub; scrap picked slot 1 despite the knife being cheaper
[craft] one-keypress: best craftable id 205 (15 rub), scrap slot 1 holding id 77
[craft] save: 93 wire bytes round-trip 10 known recipes and 1004321 banked units; all-0xFF sanitizes to 442 known / tier 4
[craft] work: 15 craft_check calls, 13 craft_item calls, 7607 craft_disassemble calls over 442 recipes and 24 sources
FAIL /Users/jirnyak/Mirror/gigahrush2/tests/suite_quest.inl:393: quest_eligible(log, step2, kQuestTable[step2 - 1].floorLo)
[quest] giver id 0 recycled into a newborn (gen 0 -> 1); the authored row paid 0 rub of 180 and ended in state 4 (4 = Orphaned)
[economy] 5 bands + 5 wealth tiers resolve; bands E0..E4 deposit 6/5/4/2/1 bp, loan 9/12/18/30/45 bp, credit 500/1600/8000/22500/50000 rub
[economy] branch credit limits over 64 seeds x 255 floors: 400..60000 rub, 8126 of 8128 +z/-z pairs differ
[economy] 400 ops on E3: 157 deposits / 98 withdrawals / 67 loans / 78 repays moved 25888556 rub; net worth 400000 -> 400737, interest +3583 / -2846, 0 conservation violations
[economy] death took 3100 rub of carried items (2 slots); banked 8400 and deposit 12070 both survived; debt 400 -> 410 over 10 periods
[economy] replay digest 0x4cc1fcdd6cfd0f15 twice, net worth 400737 both times
[economy] 24 periods in 1 call == 24 calls: deposit 1014488, earned 14488, loan interest 24
[economy] 250,000 rub on deposit for 1 real hour earns 9131/7584/6045/3000/1500 rub at E0..E4; a floor-0 clear is 7364 and floor -13 is 462171 ([loot.h])
[economy] E0 doubling: 1,000,000 -> 2000847 in 1157 periods = 19.3 real hours (balance.md bar: no doubling under 30 min)
[economy] a maxed loan costs 60/120/900/4080/13500 rub per real hour at E0..E4 on limits 500/1600/8000/22500/50000 (one vendor_resupply is 600 rub)
[economy] 5,000 rub on deposit buys nothing (resupply 0 rub, 0 slots); after withdrawing 600 it buys 408 rub of kit
[monster] 21 of 68 kinds authored, 0 inert rows, table 1632 B
[monster] unauthored 47 = 15 no-trait + 13 mob_behaviour + 4 light + 1 fog + 14 state
[monster] Zakalennaya 265 hp: kinetic 100 -> -28 (x0.28), buckshot 100 -> -68 (x0.68); unarmoured control -100
[monster] Borshchevik 62 hp: 5-dmg fire -> 28 (floor 44%), 5-dmg kinetic -> 5
[monster] 5-dmg torch kills Borshchevik in 3 swings
[monster] Туманная акула: 1-dmg fire -> 19, kills 18 hp outright
[monster] Рой: 1-dmg fire -> 13, kills 12 hp outright
wetSpawn = 5
FAIL /Users/jirnyak/Mirror/gigahrush2/tests/suite_monster.inl:419: wetSpawn == 99999
[monster] Derelict -26: 108 wet cells, 0 of them AIR (standable). Wet multipliers are unreachable while that is 0.
[monster] 256 heads spawned, 0 standing in water
[monster] 0 kinds carry BOTH a wall pace and a water pace
[monster] AiFlag::FoodBait 10 kinds vs authored bait list 13; disagree on 5 (1 flag-only, 4 list-only)
baitKinds = 13
FAIL /Users/jirnyak/Mirror/gigahrush2/tests/suite_monster.inl:579: baitKinds == 99999
baitOnly = 4
FAIL /Users/jirnyak/Mirror/gigahrush2/tests/suite_monster.inl:581: baitOnly == 99999
[rpgcmbt] melee dmg=12 cd=242 str=20 agi=20 lvl=10 weapon=0
[aimem] RELEASE floor=0 layer=1 bodies=420 released=0
[aimem] RELEASE floor=0 layer=1 bodies=420 released=0
[aimem] RELEASE floor=0 layer=1 bodies=420 released=0
